[?25l   Buildkite Agents                                          
                                                             
  1 agent                                                    
                                                             
connected  test agent    (v0.0.0)    default                 
                                                             
                                                             
  â†‘/k up â€¢ â†“/j down â€¢ s stop â€¢ S force stop â€¢ q quit â€¢ ? more[0D[2K[?25h[?1002l[?1003l[?1006l