q quit • ↑/k up • ↓/j down • g/home go to start • G/end go to end